Release 14.7 - xst P.20131013 (nt64)
Copyright (c) 1995-2013 Xilinx, Inc.  All rights reserved.
--> Parameter TMPDIR set to xst/projnav.tmp


Total REAL time to Xst completion: 0.00 secs
Total CPU time to Xst completion: 0.23 secs
 
--> Parameter xsthdpdir set to xst


Total REAL time to Xst completion: 0.00 secs
Total CPU time to Xst completion: 0.24 secs
 
--> Reading design: Top_Module.prj

TABLE OF CONTENTS
  1) Synthesis Options Summary
  2) HDL Parsing
  3) HDL Elaboration
  4) HDL Synthesis
       4.1) HDL Synthesis Report
  5) Advanced HDL Synthesis
       5.1) Advanced HDL Synthesis Report
  6) Low Level Synthesis
  7) Partition Report
  8) Design Summary
       8.1) Primitive and Black Box Usage
       8.2) Device utilization summary
       8.3) Partition Resource Summary
       8.4) Timing Report
            8.4.1) Clock Information
            8.4.2) Asynchronous Control Signals Information
            8.4.3) Timing Summary
            8.4.4) Timing Details
            8.4.5) Cross Clock Domains Report


=========================================================================
*                      Synthesis Options Summary                        *
=========================================================================
---- Source Parameters
Input File Name                    : "Top_Module.prj"
Ignore Synthesis Constraint File   : NO

---- Target Parameters
Output File Name                   : "Top_Module"
Output Format                      : NGC
Target Device                      : xc6slx16-3-csg324

---- Source Options
Top Module Name                    : Top_Module
Automatic FSM Extraction           : YES
FSM Encoding Algorithm             : Auto
Safe Implementation                : No
FSM Style                          : LUT
RAM Extraction                     : Yes
RAM Style                          : Auto
ROM Extraction                     : Yes
Shift Register Extraction          : YES
ROM Style                          : Auto
Resource Sharing                   : YES
Asynchronous To Synchronous        : NO
Shift Register Minimum Size        : 2
Use DSP Block                      : Auto
Automatic Register Balancing       : No

---- Target Options
LUT Combining                      : Auto
Reduce Control Sets                : Auto
Add IO Buffers                     : YES
Global Maximum Fanout              : 100000
Add Generic Clock Buffer(BUFG)     : 16
Register Duplication               : YES
Optimize Instantiated Primitives   : NO
Use Clock Enable                   : Auto
Use Synchronous Set                : Auto
Use Synchronous Reset              : Auto
Pack IO Registers into IOBs        : Auto
Equivalent register Removal        : YES

---- General Options
Optimization Goal                  : Speed
Optimization Effort                : 1
Power Reduction                    : NO
Keep Hierarchy                     : No
Netlist Hierarchy                  : As_Optimized
RTL Output                         : Yes
Global Optimization                : AllClockNets
Read Cores                         : YES
Write Timing Constraints           : NO
Cross Clock Analysis               : NO
Hierarchy Separator                : /
Bus Delimiter                      : <>
Case Specifier                     : Maintain
Slice Utilization Ratio            : 100
BRAM Utilization Ratio             : 100
DSP48 Utilization Ratio            : 100
Auto BRAM Packing                  : NO
Slice Utilization Ratio Delta      : 5

---- Other Options
Cores Search Directories           : {"ipcore_dir"  }

=========================================================================


=========================================================================
*                          HDL Parsing                                  *
=========================================================================
Analyzing Verilog file "\\storage.wpi.edu\home\my_documents\MQP\MQP_slx16\ipcore_dir\DCM_MQP.v" into library work
Parsing module <DCM_MQP>.
Analyzing Verilog file "\\storage.wpi.edu\home\my_documents\MQP\MQP_slx16\SPI_to_USB.v" into library work
Parsing module <SPI_to_USB>.
Analyzing Verilog file "\\storage.wpi.edu\home\my_documents\MQP\MQP_slx16\Serial_Sample_Control.v" into library work
Parsing module <Serial_Sample_Control>.
Analyzing Verilog file "\\storage.wpi.edu\home\my_documents\MQP\MQP_slx16\sensor_clk_divider.v" into library work
Parsing module <sensor_clk_divider>.
Analyzing Verilog file "\\storage.wpi.edu\home\my_documents\MQP\MQP_slx16\ADC_control.v" into library work
Parsing module <ADC_control>.
Analyzing Verilog file "\\storage.wpi.edu\home\my_documents\MQP\MQP_slx16\Top_Module.v" into library work
Parsing module <Top_Module>.

=========================================================================
*                            HDL Elaboration                            *
=========================================================================

Elaborating module <Top_Module>.

Elaborating module <Serial_Sample_Control>.

Elaborating module <sensor_clk_divider>.

Elaborating module <ADC_control>.
WARNING:HDLCompiler:1127 - "\\storage.wpi.edu\home\my_documents\MQP\MQP_slx16\Top_Module.v" Line 64: Assignment to Data2 ignored, since the identifier is never used

Elaborating module <SPI_to_USB>.

Elaborating module <DCM_MQP>.

Elaborating module <IBUFG>.

Elaborating module <PLL_BASE(BANDWIDTH="OPTIMIZED",CLK_FEEDBACK="CLKFBOUT",COMPENSATION="SYSTEM_SYNCHRONOUS",DIVCLK_DIVIDE=1,CLKFBOUT_MULT=4,CLKFBOUT_PHASE=0.0,CLKOUT0_DIVIDE=50,CLKOUT0_PHASE=0.0,CLKOUT0_DUTY_CYCLE=0.5,CLKOUT1_DIVIDE=100,CLKOUT1_PHASE=0.0,CLKOUT1_DUTY_CYCLE=0.5,CLKIN_PERIOD=10.0,REF_JITTER=0.01)>.
WARNING:HDLCompiler:1127 - "\\storage.wpi.edu\home\my_documents\MQP\MQP_slx16\ipcore_dir\DCM_MQP.v" Line 121: Assignment to clkout2_unused ignored, since the identifier is never used
WARNING:HDLCompiler:1127 - "\\storage.wpi.edu\home\my_documents\MQP\MQP_slx16\ipcore_dir\DCM_MQP.v" Line 122: Assignment to clkout3_unused ignored, since the identifier is never used
WARNING:HDLCompiler:1127 - "\\storage.wpi.edu\home\my_documents\MQP\MQP_slx16\ipcore_dir\DCM_MQP.v" Line 123: Assignment to clkout4_unused ignored, since the identifier is never used
WARNING:HDLCompiler:1127 - "\\storage.wpi.edu\home\my_documents\MQP\MQP_slx16\ipcore_dir\DCM_MQP.v" Line 124: Assignment to clkout5_unused ignored, since the identifier is never used

Elaborating module <BUFG>.
WARNING:HDLCompiler:1127 - "\\storage.wpi.edu\home\my_documents\MQP\MQP_slx16\Top_Module.v" Line 85: Assignment to lock ignored, since the identifier is never used

Elaborating module <ODDR2(DDR_ALIGNMENT="NONE",INIT=1'b0,SRTYPE="SYNC")>.

=========================================================================
*                           HDL Synthesis                               *
=========================================================================

Synthesizing Unit <Top_Module>.
    Related source file is "\\storage.wpi.edu\home\my_documents\MQP\MQP_slx16\Top_Module.v".
INFO:Xst:3210 - "\\storage.wpi.edu\home\my_documents\MQP\MQP_slx16\Top_Module.v" line 55: Output port <pdata2> of the instance <ADC1> is unconnected or connected to loadless signal.
INFO:Xst:3210 - "\\storage.wpi.edu\home\my_documents\MQP\MQP_slx16\Top_Module.v" line 77: Output port <LOCKED> of the instance <clock_manager> is unconnected or connected to loadless signal.
    Summary:
	no macro.
Unit <Top_Module> synthesized.

Synthesizing Unit <Serial_Sample_Control>.
    Related source file is "\\storage.wpi.edu\home\my_documents\MQP\MQP_slx16\Serial_Sample_Control.v".
    Found 9-bit register for signal <cntr>.
    Found 9-bit adder for signal <cntr[8]_GND_2_o_add_1_OUT> created at line 37.
    Summary:
	inferred   1 Adder/Subtractor(s).
	inferred   9 D-type flip-flop(s).
	inferred   1 Multiplexer(s).
Unit <Serial_Sample_Control> synthesized.

Synthesizing Unit <sensor_clk_divider>.
    Related source file is "\\storage.wpi.edu\home\my_documents\MQP\MQP_slx16\sensor_clk_divider.v".
    Found 5-bit register for signal <cntr>.
    Found 5-bit adder for signal <cntr[4]_GND_3_o_add_2_OUT> created at line 39.
    Summary:
	inferred   1 Adder/Subtractor(s).
	inferred   5 D-type flip-flop(s).
	inferred   1 Multiplexer(s).
Unit <sensor_clk_divider> synthesized.

Synthesizing Unit <ADC_control>.
    Related source file is "\\storage.wpi.edu\home\my_documents\MQP\MQP_slx16\ADC_control.v".
    Found 12-bit register for signal <shift_in1>.
    Found 12-bit register for signal <shift_in2>.
    Found 1-bit register for signal <delay_en>.
    Found 3-bit register for signal <cs_delay>.
    Found 5-bit register for signal <sdata_cntr>.
    Found 12-bit register for signal <pdata1>.
    Found 12-bit register for signal <pdata2>.
    Found 1-bit register for signal <new_Data>.
    Found 7-bit register for signal <cntr>.
    Found 7-bit subtractor for signal <cntr[6]_GND_4_o_sub_5_OUT> created at line 63.
    Found 3-bit subtractor for signal <cs_delay[2]_GND_4_o_sub_11_OUT> created at line 73.
    Found 5-bit adder for signal <sdata_cntr[4]_GND_4_o_add_17_OUT> created at line 104.
    Summary:
	inferred   3 Adder/Subtractor(s).
	inferred  65 D-type flip-flop(s).
	inferred   4 Multiplexer(s).
Unit <ADC_control> synthesized.

Synthesizing Unit <SPI_to_USB>.
    Related source file is "\\storage.wpi.edu\home\my_documents\MQP\MQP_slx16\SPI_to_USB.v".
WARNING:Xst:647 - Input <new_Data> is never used. This port will be preserved and left unconnected if it belongs to a top-level block or it belongs to a sub-block and the hierarchy of this sub-block is preserved.
    Found 2-bit register for signal <cs_sync<1:0>>.
    Found 16-bit register for signal <shift_out>.
    Found 3-bit register for signal <sclk_sync>.
    WARNING:Xst:2404 -  FFs/Latches <ndata<0:0>> (without init value) have a constant value of 0 in block <SPI_to_USB>.
    Summary:
	inferred  21 D-type flip-flop(s).
Unit <SPI_to_USB> synthesized.

Synthesizing Unit <DCM_MQP>.
    Related source file is "\\storage.wpi.edu\home\my_documents\MQP\MQP_slx16\ipcore_dir\DCM_MQP.v".
    Summary:
	no macro.
Unit <DCM_MQP> synthesized.

=========================================================================
HDL Synthesis Report

Macro Statistics
# Adders/Subtractors                                   : 5
 3-bit subtractor                                      : 1
 5-bit adder                                           : 2
 7-bit subtractor                                      : 1
 9-bit adder                                           : 1
# Registers                                            : 14
 1-bit register                                        : 2
 12-bit register                                       : 4
 16-bit register                                       : 1
 2-bit register                                        : 1
 3-bit register                                        : 2
 5-bit register                                        : 2
 7-bit register                                        : 1
 9-bit register                                        : 1
# Multiplexers                                         : 6
 12-bit 2-to-1 multiplexer                             : 2
 3-bit 2-to-1 multiplexer                              : 1
 5-bit 2-to-1 multiplexer                              : 1
 7-bit 2-to-1 multiplexer                              : 1
 9-bit 2-to-1 multiplexer                              : 1

=========================================================================

=========================================================================
*                       Advanced HDL Synthesis                          *
=========================================================================

WARNING:Xst:1710 - FF/Latch <shift_out_0> (without init value) has a constant value of 0 in block <SPI_out>. This FF/Latch will be trimmed during the optimization process.
WARNING:Xst:1895 - Due to other FF/Latch trimming, FF/Latch <shift_out_1> (without init value) has a constant value of 0 in block <SPI_out>. This FF/Latch will be trimmed during the optimization process.
WARNING:Xst:1895 - Due to other FF/Latch trimming, FF/Latch <shift_out_2> (without init value) has a constant value of 0 in block <SPI_out>. This FF/Latch will be trimmed during the optimization process.
WARNING:Xst:1895 - Due to other FF/Latch trimming, FF/Latch <shift_out_3> (without init value) has a constant value of 0 in block <SPI_out>. This FF/Latch will be trimmed during the optimization process.
WARNING:Xst:1895 - Due to other FF/Latch trimming, FF/Latch <shift_out_4> (without init value) has a constant value of 0 in block <SPI_out>. This FF/Latch will be trimmed during the optimization process.
WARNING:Xst:1895 - Due to other FF/Latch trimming, FF/Latch <shift_out_5> (without init value) has a constant value of 0 in block <SPI_out>. This FF/Latch will be trimmed during the optimization process.
WARNING:Xst:1895 - Due to other FF/Latch trimming, FF/Latch <shift_out_6> (without init value) has a constant value of 0 in block <SPI_out>. This FF/Latch will be trimmed during the optimization process.
WARNING:Xst:1895 - Due to other FF/Latch trimming, FF/Latch <shift_out_7> (without init value) has a constant value of 0 in block <SPI_out>. This FF/Latch will be trimmed during the optimization process.
WARNING:Xst:1895 - Due to other FF/Latch trimming, FF/Latch <shift_out_8> (without init value) has a constant value of 0 in block <SPI_out>. This FF/Latch will be trimmed during the optimization process.
WARNING:Xst:1895 - Due to other FF/Latch trimming, FF/Latch <shift_out_9> (without init value) has a constant value of 0 in block <SPI_out>. This FF/Latch will be trimmed during the optimization process.
WARNING:Xst:1895 - Due to other FF/Latch trimming, FF/Latch <shift_out_10> (without init value) has a constant value of 0 in block <SPI_out>. This FF/Latch will be trimmed during the optimization process.
WARNING:Xst:1895 - Due to other FF/Latch trimming, FF/Latch <shift_out_11> (without init value) has a constant value of 0 in block <SPI_out>. This FF/Latch will be trimmed during the optimization process.
WARNING:Xst:1895 - Due to other FF/Latch trimming, FF/Latch <shift_out_12> (without init value) has a constant value of 0 in block <SPI_out>. This FF/Latch will be trimmed during the optimization process.
WARNING:Xst:1895 - Due to other FF/Latch trimming, FF/Latch <shift_out_13> (without init value) has a constant value of 0 in block <SPI_out>. This FF/Latch will be trimmed during the optimization process.
WARNING:Xst:1895 - Due to other FF/Latch trimming, FF/Latch <shift_out_14> (without init value) has a constant value of 0 in block <SPI_out>. This FF/Latch will be trimmed during the optimization process.
WARNING:Xst:1895 - Due to other FF/Latch trimming, FF/Latch <shift_out_15> (without init value) has a constant value of 0 in block <SPI_out>. This FF/Latch will be trimmed during the optimization process.
WARNING:Xst:1898 - Due to constant pushing, FF/Latch <cs_sync_0> is unconnected in block <SPI_out>.
WARNING:Xst:1898 - Due to constant pushing, FF/Latch <cs_sync_1> is unconnected in block <SPI_out>.
WARNING:Xst:1898 - Due to constant pushing, FF/Latch <sclk_sync_2> is unconnected in block <SPI_out>.
WARNING:Xst:1898 - Due to constant pushing, FF/Latch <sclk_sync_0> is unconnected in block <SPI_out>.
WARNING:Xst:1898 - Due to constant pushing, FF/Latch <sclk_sync_1> is unconnected in block <SPI_out>.

Synthesizing (advanced) Unit <ADC_control>.
The following registers are absorbed into counter <cs_delay>: 1 register on signal <cs_delay>.
The following registers are absorbed into counter <sdata_cntr>: 1 register on signal <sdata_cntr>.
The following registers are absorbed into counter <cntr>: 1 register on signal <cntr>.
Unit <ADC_control> synthesized (advanced).

Synthesizing (advanced) Unit <Serial_Sample_Control>.
The following registers are absorbed into counter <cntr>: 1 register on signal <cntr>.
Unit <Serial_Sample_Control> synthesized (advanced).

Synthesizing (advanced) Unit <sensor_clk_divider>.
The following registers are absorbed into counter <cntr>: 1 register on signal <cntr>.
Unit <sensor_clk_divider> synthesized (advanced).

=========================================================================
Advanced HDL Synthesis Report

Macro Statistics
# Counters                                             : 5
 3-bit down counter                                    : 1
 5-bit up counter                                      : 2
 7-bit down counter                                    : 1
 9-bit up counter                                      : 1
# Registers                                            : 71
 Flip-Flops                                            : 71
# Multiplexers                                         : 2
 12-bit 2-to-1 multiplexer                             : 2

=========================================================================

=========================================================================
*                         Low Level Synthesis                           *
=========================================================================
WARNING:Xst:1710 - FF/Latch <shift_out_0> (without init value) has a constant value of 0 in block <SPI_to_USB>. This FF/Latch will be trimmed during the optimization process.
WARNING:Xst:1895 - Due to other FF/Latch trimming, FF/Latch <shift_out_1> (without init value) has a constant value of 0 in block <SPI_to_USB>. This FF/Latch will be trimmed during the optimization process.
WARNING:Xst:1895 - Due to other FF/Latch trimming, FF/Latch <shift_out_2> (without init value) has a constant value of 0 in block <SPI_to_USB>. This FF/Latch will be trimmed during the optimization process.
WARNING:Xst:1895 - Due to other FF/Latch trimming, FF/Latch <shift_out_3> (without init value) has a constant value of 0 in block <SPI_to_USB>. This FF/Latch will be trimmed during the optimization process.
WARNING:Xst:1895 - Due to other FF/Latch trimming, FF/Latch <shift_out_4> (without init value) has a constant value of 0 in block <SPI_to_USB>. This FF/Latch will be trimmed during the optimization process.
WARNING:Xst:1895 - Due to other FF/Latch trimming, FF/Latch <shift_out_5> (without init value) has a constant value of 0 in block <SPI_to_USB>. This FF/Latch will be trimmed during the optimization process.
WARNING:Xst:1895 - Due to other FF/Latch trimming, FF/Latch <shift_out_6> (without init value) has a constant value of 0 in block <SPI_to_USB>. This FF/Latch will be trimmed during the optimization process.
WARNING:Xst:1895 - Due to other FF/Latch trimming, FF/Latch <shift_out_7> (without init value) has a constant value of 0 in block <SPI_to_USB>. This FF/Latch will be trimmed during the optimization process.
WARNING:Xst:1895 - Due to other FF/Latch trimming, FF/Latch <shift_out_8> (without init value) has a constant value of 0 in block <SPI_to_USB>. This FF/Latch will be trimmed during the optimization process.
WARNING:Xst:1895 - Due to other FF/Latch trimming, FF/Latch <shift_out_9> (without init value) has a constant value of 0 in block <SPI_to_USB>. This FF/Latch will be trimmed during the optimization process.
WARNING:Xst:1895 - Due to other FF/Latch trimming, FF/Latch <shift_out_10> (without init value) has a constant value of 0 in block <SPI_to_USB>. This FF/Latch will be trimmed during the optimization process.
WARNING:Xst:1895 - Due to other FF/Latch trimming, FF/Latch <shift_out_11> (without init value) has a constant value of 0 in block <SPI_to_USB>. This FF/Latch will be trimmed during the optimization process.
WARNING:Xst:1895 - Due to other FF/Latch trimming, FF/Latch <shift_out_12> (without init value) has a constant value of 0 in block <SPI_to_USB>. This FF/Latch will be trimmed during the optimization process.
WARNING:Xst:1895 - Due to other FF/Latch trimming, FF/Latch <shift_out_13> (without init value) has a constant value of 0 in block <SPI_to_USB>. This FF/Latch will be trimmed during the optimization process.
WARNING:Xst:1895 - Due to other FF/Latch trimming, FF/Latch <shift_out_14> (without init value) has a constant value of 0 in block <SPI_to_USB>. This FF/Latch will be trimmed during the optimization process.
WARNING:Xst:1895 - Due to other FF/Latch trimming, FF/Latch <shift_out_15> (without init value) has a constant value of 0 in block <SPI_to_USB>. This FF/Latch will be trimmed during the optimization process.
WARNING:Xst:1898 - Due to constant pushing, FF/Latch <cs_sync_0> is unconnected in block <SPI_to_USB>.
WARNING:Xst:1898 - Due to constant pushing, FF/Latch <cs_sync_1> is unconnected in block <SPI_to_USB>.
WARNING:Xst:1898 - Due to constant pushing, FF/Latch <sclk_sync_2> is unconnected in block <SPI_to_USB>.
WARNING:Xst:1898 - Due to constant pushing, FF/Latch <sclk_sync_0> is unconnected in block <SPI_to_USB>.
WARNING:Xst:1898 - Due to constant pushing, FF/Latch <sclk_sync_1> is unconnected in block <SPI_to_USB>.
INFO:Xst:1901 - Instance clock_manager/pll_base_inst in unit clock_manager/pll_base_inst of type PLL_BASE has been replaced by PLL_ADV

Optimizing unit <Top_Module> ...

Optimizing unit <ADC_control> ...
WARNING:Xst:2677 - Node <ADC1/sdata_cntr_4> of sequential type is unconnected in block <Top_Module>.
WARNING:Xst:2677 - Node <ADC1/sdata_cntr_3> of sequential type is unconnected in block <Top_Module>.
WARNING:Xst:2677 - Node <ADC1/sdata_cntr_1> of sequential type is unconnected in block <Top_Module>.
WARNING:Xst:2677 - Node <ADC1/sdata_cntr_0> of sequential type is unconnected in block <Top_Module>.
WARNING:Xst:2677 - Node <ADC1/sdata_cntr_2> of sequential type is unconnected in block <Top_Module>.
WARNING:Xst:2677 - Node <ADC1/pdata2_11> of sequential type is unconnected in block <Top_Module>.
WARNING:Xst:2677 - Node <ADC1/pdata2_10> of sequential type is unconnected in block <Top_Module>.
WARNING:Xst:2677 - Node <ADC1/pdata2_9> of sequential type is unconnected in block <Top_Module>.
WARNING:Xst:2677 - Node <ADC1/pdata2_8> of sequential type is unconnected in block <Top_Module>.
WARNING:Xst:2677 - Node <ADC1/pdata2_7> of sequential type is unconnected in block <Top_Module>.
WARNING:Xst:2677 - Node <ADC1/pdata2_6> of sequential type is unconnected in block <Top_Module>.
WARNING:Xst:2677 - Node <ADC1/pdata2_5> of sequential type is unconnected in block <Top_Module>.
WARNING:Xst:2677 - Node <ADC1/pdata2_4> of sequential type is unconnected in block <Top_Module>.
WARNING:Xst:2677 - Node <ADC1/pdata2_3> of sequential type is unconnected in block <Top_Module>.
WARNING:Xst:2677 - Node <ADC1/pdata2_2> of sequential type is unconnected in block <Top_Module>.
WARNING:Xst:2677 - Node <ADC1/pdata2_1> of sequential type is unconnected in block <Top_Module>.
WARNING:Xst:2677 - Node <ADC1/pdata2_0> of sequential type is unconnected in block <Top_Module>.
WARNING:Xst:2677 - Node <ADC1/pdata1_11> of sequential type is unconnected in block <Top_Module>.
WARNING:Xst:2677 - Node <ADC1/pdata1_10> of sequential type is unconnected in block <Top_Module>.
WARNING:Xst:2677 - Node <ADC1/pdata1_9> of sequential type is unconnected in block <Top_Module>.
WARNING:Xst:2677 - Node <ADC1/pdata1_8> of sequential type is unconnected in block <Top_Module>.
WARNING:Xst:2677 - Node <ADC1/pdata1_7> of sequential type is unconnected in block <Top_Module>.
WARNING:Xst:2677 - Node <ADC1/pdata1_6> of sequential type is unconnected in block <Top_Module>.
WARNING:Xst:2677 - Node <ADC1/pdata1_5> of sequential type is unconnected in block <Top_Module>.
WARNING:Xst:2677 - Node <ADC1/pdata1_4> of sequential type is unconnected in block <Top_Module>.
WARNING:Xst:2677 - Node <ADC1/pdata1_3> of sequential type is unconnected in block <Top_Module>.
WARNING:Xst:2677 - Node <ADC1/pdata1_2> of sequential type is unconnected in block <Top_Module>.
WARNING:Xst:2677 - Node <ADC1/pdata1_1> of sequential type is unconnected in block <Top_Module>.
WARNING:Xst:2677 - Node <ADC1/pdata1_0> of sequential type is unconnected in block <Top_Module>.
WARNING:Xst:2677 - Node <ADC1/shift_in2_11> of sequential type is unconnected in block <Top_Module>.
WARNING:Xst:2677 - Node <ADC1/shift_in2_10> of sequential type is unconnected in block <Top_Module>.
WARNING:Xst:2677 - Node <ADC1/shift_in2_9> of sequential type is unconnected in block <Top_Module>.
WARNING:Xst:2677 - Node <ADC1/shift_in2_8> of sequential type is unconnected in block <Top_Module>.
WARNING:Xst:2677 - Node <ADC1/shift_in2_7> of sequential type is unconnected in block <Top_Module>.
WARNING:Xst:2677 - Node <ADC1/shift_in2_6> of sequential type is unconnected in block <Top_Module>.
WARNING:Xst:2677 - Node <ADC1/shift_in2_5> of sequential type is unconnected in block <Top_Module>.
WARNING:Xst:2677 - Node <ADC1/shift_in2_4> of sequential type is unconnected in block <Top_Module>.
WARNING:Xst:2677 - Node <ADC1/shift_in2_3> of sequential type is unconnected in block <Top_Module>.
WARNING:Xst:2677 - Node <ADC1/shift_in2_2> of sequential type is unconnected in block <Top_Module>.
WARNING:Xst:2677 - Node <ADC1/shift_in2_1> of sequential type is unconnected in block <Top_Module>.
WARNING:Xst:2677 - Node <ADC1/shift_in2_0> of sequential type is unconnected in block <Top_Module>.
WARNING:Xst:2677 - Node <ADC1/shift_in1_11> of sequential type is unconnected in block <Top_Module>.
WARNING:Xst:2677 - Node <ADC1/shift_in1_10> of sequential type is unconnected in block <Top_Module>.
WARNING:Xst:2677 - Node <ADC1/shift_in1_9> of sequential type is unconnected in block <Top_Module>.
WARNING:Xst:2677 - Node <ADC1/shift_in1_8> of sequential type is unconnected in block <Top_Module>.
WARNING:Xst:2677 - Node <ADC1/shift_in1_7> of sequential type is unconnected in block <Top_Module>.
WARNING:Xst:2677 - Node <ADC1/shift_in1_6> of sequential type is unconnected in block <Top_Module>.
WARNING:Xst:2677 - Node <ADC1/shift_in1_5> of sequential type is unconnected in block <Top_Module>.
WARNING:Xst:2677 - Node <ADC1/shift_in1_4> of sequential type is unconnected in block <Top_Module>.
WARNING:Xst:2677 - Node <ADC1/shift_in1_3> of sequential type is unconnected in block <Top_Module>.
WARNING:Xst:2677 - Node <ADC1/shift_in1_2> of sequential type is unconnected in block <Top_Module>.
WARNING:Xst:2677 - Node <ADC1/shift_in1_1> of sequential type is unconnected in block <Top_Module>.
WARNING:Xst:2677 - Node <ADC1/shift_in1_0> of sequential type is unconnected in block <Top_Module>.
WARNING:Xst:2677 - Node <ADC1/new_Data> of sequential type is unconnected in block <Top_Module>.

Mapping all equations...
Building and optimizing final netlist ...
Found area constraint ratio of 100 (+ 5) on block Top_Module, actual ratio is 0.

Final Macro Processing ...

=========================================================================
Final Register Report

Macro Statistics
# Registers                                            : 25
 Flip-Flops                                            : 25

=========================================================================

=========================================================================
*                           Partition Report                            *
=========================================================================

Partition Implementation Status
-------------------------------

  No Partitions were found in this design.

-------------------------------

=========================================================================
*                            Design Summary                             *
=========================================================================

Top Level Output File Name         : Top_Module.ngc

Primitive and Black Box Usage:
------------------------------
# BELS                             : 57
#      GND                         : 1
#      INV                         : 2
#      LUT2                        : 3
#      LUT3                        : 12
#      LUT4                        : 9
#      LUT5                        : 6
#      LUT6                        : 6
#      MUXCY                       : 8
#      VCC                         : 1
#      XORCY                       : 9
# FlipFlops/Latches                : 28
#      FD                          : 11
#      FDC                         : 14
#      ODDR2                       : 3
# Clock Buffers                    : 3
#      BUFG                        : 3
# IO Buffers                       : 8
#      IBUF                        : 1
#      IBUFG                       : 1
#      OBUF                        : 6
# Others                           : 1
#      PLL_ADV                     : 1

Device utilization summary:
---------------------------

Selected Device : 6slx16csg324-3 


Slice Logic Utilization: 
 Number of Slice Registers:              28  out of  18224     0%  
 Number of Slice LUTs:                   38  out of   9112     0%  
    Number used as Logic:                38  out of   9112     0%  

Slice Logic Distribution: 
 Number of LUT Flip Flop pairs used:     41
   Number with an unused Flip Flop:      13  out of     41    31%  
   Number with an unused LUT:             3  out of     41     7%  
   Number of fully used LUT-FF pairs:    25  out of     41    60%  
   Number of unique control sets:         4

IO Utilization: 
 Number of IOs:                          12
 Number of bonded IOBs:                   8  out of    232     3%  

Specific Feature Utilization:
 Number of BUFG/BUFGCTRLs:                3  out of     16    18%  
 Number of PLL_ADVs:                      1  out of      2    50%  

---------------------------
Partition Resource Summary:
---------------------------

  No Partitions were found in this design.

---------------------------


=========================================================================
Timing Report

NOTE: THESE TIMING NUMBERS ARE ONLY A SYNTHESIS ESTIMATE.
      FOR ACCURATE TIMING INFORMATION PLEASE REFER TO THE TRACE REPORT
      GENERATED AFTER PLACE-and-ROUTE.

Clock Information:
------------------
-----------------------------------------+-------------------------------+-------+
Clock Signal                             | Clock buffer(FF name)         | Load  |
-----------------------------------------+-------------------------------+-------+
sensor_clk_int_inv(sensor_clk_int_inv1:O)| NONE(*)(sample_control/cntr_0)| 10    |
clock_manager/pll_base_inst/CLKOUT1      | BUFG                          | 10    |
ADC1/_n01041(ADC1/_n010411:O)            | NONE(*)(clock_forward_inst_3) | 1     |
cs_int(ADC1/chip_select<2>1:O)           | NONE(*)(clock_forward_inst_3) | 1     |
sensor_clk_int(scd/sensor_clk<4>1:O)     | NONE(*)(clock_forward_inst_2) | 9     |
-----------------------------------------+-------------------------------+-------+
(*) These 4 clock signal(s) are generated by combinatorial logic,
and XST is not able to identify which are the primary clock signals.
Please use the CLOCK_SIGNAL constraint to specify the clock signal(s) generated by combinatorial logic.
INFO:Xst:2169 - HDL ADVISOR - Some clock signals were not automatically buffered by XST with BUFG/BUFR resources. Please use the buffer_type constraint in order to insert these buffers to the clock signals to help prevent skew problems.

Asynchronous Control Signals Information:
----------------------------------------
No asynchronous control signals found in this design

Timing Summary:
---------------
Speed Grade: -3

   Minimum period: 5.334ns (Maximum Frequency: 187.459MHz)
   Minimum input arrival time before clock: 2.609ns
   Maximum output required time after clock: 5.733ns
   Maximum combinational path delay: No path found

Timing Details:
---------------
All values displayed in nanoseconds (ns)

=========================================================================
Timing constraint: Default period analysis for Clock 'sensor_clk_int_inv'
  Clock period: 4.220ns (frequency: 236.953MHz)
  Total number of paths / destination ports: 531 / 9
-------------------------------------------------------------------------
Delay:               4.220ns (Levels of Logic = 12)
  Source:            sample_control/cntr_2 (FF)
  Destination:       sample_control/cntr_8 (FF)
  Source Clock:      sensor_clk_int_inv rising
  Destination Clock: sensor_clk_int_inv rising

  Data Path: sample_control/cntr_2 to sample_control/cntr_8
                                Gate     Net
    Cell:in->out      fanout   Delay   Delay  Logical Name (Net Name)
    ----------------------------------------  ------------
     FDC:C->Q              3   0.447   0.898  sample_control/cntr_2 (sample_control/cntr_2)
     LUT4:I0->O            2   0.203   0.617  sample_control/GND_2_o_GND_2_o_equal_1_o_inv_SW0 (N01)
     LUT6:I5->O            9   0.205   1.058  sample_control/GND_2_o_GND_2_o_equal_1_o<8> (sample_control/GND_2_o_GND_2_o_equal_1_o)
     LUT3:I0->O            1   0.205   0.000  sample_control/Mcount_cntr_lut<0> (sample_control/Mcount_cntr_lut<0>)
     MUXCY:S->O            1   0.172   0.000  sample_control/Mcount_cntr_cy<0> (sample_control/Mcount_cntr_cy<0>)
     MUXCY:CI->O           1   0.019   0.000  sample_control/Mcount_cntr_cy<1> (sample_control/Mcount_cntr_cy<1>)
     MUXCY:CI->O           1   0.019   0.000  sample_control/Mcount_cntr_cy<2> (sample_control/Mcount_cntr_cy<2>)
     MUXCY:CI->O           1   0.019   0.000  sample_control/Mcount_cntr_cy<3> (sample_control/Mcount_cntr_cy<3>)
     MUXCY:CI->O           1   0.019   0.000  sample_control/Mcount_cntr_cy<4> (sample_control/Mcount_cntr_cy<4>)
     MUXCY:CI->O           1   0.019   0.000  sample_control/Mcount_cntr_cy<5> (sample_control/Mcount_cntr_cy<5>)
     MUXCY:CI->O           1   0.019   0.000  sample_control/Mcount_cntr_cy<6> (sample_control/Mcount_cntr_cy<6>)
     MUXCY:CI->O           0   0.019   0.000  sample_control/Mcount_cntr_cy<7> (sample_control/Mcount_cntr_cy<7>)
     XORCY:CI->O           1   0.180   0.000  sample_control/Mcount_cntr_xor<8> (sample_control/Mcount_cntr8)
     FDC:D                     0.102          sample_control/cntr_8
    ----------------------------------------
    Total                      4.220ns (1.647ns logic, 2.573ns route)
                                       (39.0% logic, 61.0% route)

=========================================================================
Timing constraint: Default period analysis for Clock 'clock_manager/pll_base_inst/CLKOUT1'
  Clock period: 5.334ns (frequency: 187.459MHz)
  Total number of paths / destination ports: 39 / 8
-------------------------------------------------------------------------
Delay:               2.667ns (Levels of Logic = 2)
  Source:            scd/cntr_4 (FF)
  Destination:       ADC1/cs_delay_2 (FF)
  Source Clock:      clock_manager/pll_base_inst/CLKOUT1 rising
  Destination Clock: clock_manager/pll_base_inst/CLKOUT1 falling

  Data Path: scd/cntr_4 to ADC1/cs_delay_2
                                Gate     Net
    Cell:in->out      fanout   Delay   Delay  Logical Name (Net Name)
    ----------------------------------------  ------------
     FDC:C->Q              5   0.447   1.059  scd/cntr_4 (scd/cntr_4)
     LUT6:I1->O            3   0.203   0.651  ADC1/delay_en_sensor_clk_AND_1_o1 (ADC1/delay_en_sensor_clk_AND_1_o)
     LUT4:I3->O            1   0.205   0.000  ADC1/cs_delay_2_glue_set (ADC1/cs_delay_2_glue_set)
     FD:D                      0.102          ADC1/cs_delay_2
    ----------------------------------------
    Total                      2.667ns (0.957ns logic, 1.710ns route)
                                       (35.9% logic, 64.1% route)

=========================================================================
Timing constraint: Default period analysis for Clock 'sensor_clk_int'
  Clock period: 2.734ns (frequency: 365.724MHz)
  Total number of paths / destination ports: 36 / 8
-------------------------------------------------------------------------
Delay:               2.734ns (Levels of Logic = 2)
  Source:            ADC1/cntr_0 (FF)
  Destination:       ADC1/cntr_6 (FF)
  Source Clock:      sensor_clk_int rising
  Destination Clock: sensor_clk_int rising

  Data Path: ADC1/cntr_0 to ADC1/cntr_6
                                Gate     Net
    Cell:in->out      fanout   Delay   Delay  Logical Name (Net Name)
    ----------------------------------------  ------------
     FD:C->Q               6   0.447   0.992  ADC1/cntr_0 (ADC1/cntr_0)
     LUT4:I0->O            4   0.203   0.788  ADC1/Mcount_cntr411 (ADC1/Mcount_cntr4_bdd0)
     LUT6:I4->O            1   0.203   0.000  ADC1/delay_en_rstpot (ADC1/delay_en_rstpot)
     FD:D                      0.102          ADC1/delay_en
    ----------------------------------------
    Total                      2.734ns (0.955ns logic, 1.779ns route)
                                       (34.9% logic, 65.1% route)

=========================================================================
Timing constraint: Default OFFSET IN BEFORE for Clock 'sensor_clk_int_inv'
  Total number of paths / destination ports: 9 / 9
-------------------------------------------------------------------------
Offset:              2.609ns (Levels of Logic = 1)
  Source:            reset (PAD)
  Destination:       sample_control/cntr_0 (FF)
  Destination Clock: sensor_clk_int_inv rising

  Data Path: reset to sample_control/cntr_0
                                Gate     Net
    Cell:in->out      fanout   Delay   Delay  Logical Name (Net Name)
    ----------------------------------------  ------------
     IBUF:I->O            14   1.222   0.957  reset_IBUF (reset_IBUF)
     FDC:CLR                   0.430          sample_control/cntr_0
    ----------------------------------------
    Total                      2.609ns (1.652ns logic, 0.957ns route)
                                       (63.3% logic, 36.7% route)

=========================================================================
Timing constraint: Default OFFSET IN BEFORE for Clock 'clock_manager/pll_base_inst/CLKOUT1'
  Total number of paths / destination ports: 5 / 5
-------------------------------------------------------------------------
Offset:              2.609ns (Levels of Logic = 1)
  Source:            reset (PAD)
  Destination:       scd/cntr_0 (FF)
  Destination Clock: clock_manager/pll_base_inst/CLKOUT1 rising

  Data Path: reset to scd/cntr_0
                                Gate     Net
    Cell:in->out      fanout   Delay   Delay  Logical Name (Net Name)
    ----------------------------------------  ------------
     IBUF:I->O            14   1.222   0.957  reset_IBUF (reset_IBUF)
     FDC:CLR                   0.430          scd/cntr_0
    ----------------------------------------
    Total                      2.609ns (1.652ns logic, 0.957ns route)
                                       (63.3% logic, 36.7% route)

=========================================================================
Timing constraint: Default OFFSET OUT AFTER for Clock 'sensor_clk_int_inv'
  Total number of paths / destination ports: 9 / 1
-------------------------------------------------------------------------
Offset:              5.733ns (Levels of Logic = 3)
  Source:            sample_control/cntr_3 (FF)
  Destination:       SI1 (PAD)
  Source Clock:      sensor_clk_int_inv rising

  Data Path: sample_control/cntr_3 to SI1
                                Gate     Net
    Cell:in->out      fanout   Delay   Delay  Logical Name (Net Name)
    ----------------------------------------  ------------
     FDC:C->Q              3   0.447   0.898  sample_control/cntr_3 (sample_control/cntr_3)
     LUT4:I0->O            1   0.203   0.580  sample_control/serial_out<8>_SW0 (N2)
     LUT6:I5->O            9   0.205   0.829  sample_control/serial_out<8> (SI1_OBUF)
     OBUF:I->O                 2.571          SI1_OBUF (SI1)
    ----------------------------------------
    Total                      5.733ns (3.426ns logic, 2.307ns route)
                                       (59.8% logic, 40.2% route)

=========================================================================
Timing constraint: Default OFFSET OUT AFTER for Clock 'sensor_clk_int'
  Total number of paths / destination ports: 7 / 1
-------------------------------------------------------------------------
Offset:              5.680ns (Levels of Logic = 3)
  Source:            ADC1/cntr_0 (FF)
  Destination:       interrupt (PAD)
  Source Clock:      sensor_clk_int rising

  Data Path: ADC1/cntr_0 to interrupt
                                Gate     Net
    Cell:in->out      fanout   Delay   Delay  Logical Name (Net Name)
    ----------------------------------------  ------------
     FD:C->Q               6   0.447   0.992  ADC1/cntr_0 (ADC1/cntr_0)
     LUT4:I0->O            4   0.203   0.684  ADC1/Mcount_cntr411 (ADC1/Mcount_cntr4_bdd0)
     LUT4:I3->O            1   0.205   0.579  ADC1/interrupt1 (interrupt_OBUF)
     OBUF:I->O                 2.571          interrupt_OBUF (interrupt)
    ----------------------------------------
    Total                      5.680ns (3.426ns logic, 2.254ns route)
                                       (60.3% logic, 39.7% route)

=========================================================================

Cross Clock Domains Report:
--------------------------

Clock to Setup on destination clock clock_manager/pll_base_inst/CLKOUT1
-----------------------------------+---------+---------+---------+---------+
                                   | Src:Rise| Src:Fall| Src:Rise| Src:Fall|
Source Clock                       |Dest:Rise|Dest:Rise|Dest:Fall|Dest:Fall|
-----------------------------------+---------+---------+---------+---------+
clock_manager/pll_base_inst/CLKOUT1|    2.135|         |    2.667|         |
sensor_clk_int                     |         |         |    2.590|         |
-----------------------------------+---------+---------+---------+---------+

Clock to Setup on destination clock sensor_clk_int
------------------+---------+---------+---------+---------+
                  | Src:Rise| Src:Fall| Src:Rise| Src:Fall|
Source Clock      |Dest:Rise|Dest:Rise|Dest:Fall|Dest:Fall|
------------------+---------+---------+---------+---------+
sensor_clk_int    |    2.734|         |         |         |
sensor_clk_int_inv|    3.572|         |         |         |
------------------+---------+---------+---------+---------+

Clock to Setup on destination clock sensor_clk_int_inv
------------------+---------+---------+---------+---------+
                  | Src:Rise| Src:Fall| Src:Rise| Src:Fall|
Source Clock      |Dest:Rise|Dest:Rise|Dest:Fall|Dest:Fall|
------------------+---------+---------+---------+---------+
sensor_clk_int_inv|    4.220|         |         |         |
------------------+---------+---------+---------+---------+

=========================================================================


Total REAL time to Xst completion: 7.00 secs
Total CPU time to Xst completion: 7.14 secs
 
--> 

Total memory usage is 259236 kilobytes

Number of errors   :    0 (   0 filtered)
Number of warnings :  104 (   0 filtered)
Number of infos    :    4 (   0 filtered)

